=== Phase A (CPU) | datasets: LAST_FM_STAR YELP_STAR BOOK MOVIE | Wed May 13 06:13:43 PM CST 2026 ===
=== python: /home/yurh/.conda/envs/mcmipl-reproduce/bin/python ===

=== [Phase A] prepare_data: LAST_FM_STAR ===
Preparing official MCMIPL data for LAST_FM_STAR
Repo dir: /home/yurh/interrecbaseline-MCMIPL/main_table_experiments/baselines/mcmipl_official/MCMIPL
Found data directory: /home/yurh/interrecbaseline-MCMIPL/main_table_experiments/baselines/mcmipl_official/MCMIPL/data/lastfm_star
Data files:
Graph_generate_data/fea_large.pkl
Graph_generate_data/item_fea.pkl
Graph_generate_data/user_friends.pkl
Graph_generate_data/user_like.pkl
UI_Interaction_data/review_dict_test.json
UI_Interaction_data/review_dict_train.json
UI_Interaction_data/review_dict_valid.json
UI_data/test.pkl
UI_data/train.pkl
=== [Phase A] graph_init: LAST_FM_STAR ===
===== graph_init =====
data_name=LAST_FM_STAR
cwd=/home/yurh/interrecbaseline-MCMIPL/main_table_experiments/baselines/mcmipl_official/MCMIPL
Wed May 13 06:13:43 PM CST 2026
Using backend: pytorch
Create LAST_FM_STAR graph from raw data...
  0%|          | 0/1801 [00:00<?, ?it/s]100%|██████████| 1801/1801 [00:00<00:00, 331545.89it/s]
Save LAST_FM_STAR graph successfully!
Create LAST_FM_STAR dataset...
Save LAST_FM_STAR dataset successfully!
Wed May 13 06:13:45 PM CST 2026

=== [Phase A] prepare_data: YELP_STAR ===
Preparing official MCMIPL data for YELP_STAR
Repo dir: /home/yurh/interrecbaseline-MCMIPL/main_table_experiments/baselines/mcmipl_official/MCMIPL
Found data directory: /home/yurh/interrecbaseline-MCMIPL/main_table_experiments/baselines/mcmipl_official/MCMIPL/data/yelp_star
Data files:
Graph_generate_data/2-layer taxonomy.json
Graph_generate_data/first-layer_merged_tag_map.json
Graph_generate_data/item_dict-merged_tag.json
Graph_generate_data/item_dict-original_tag.json
Graph_generate_data/second-layer_oringinal_tag_map.json
Graph_generate_data/user_dict.json
Graph_generate_data/user_item.json
UI_Interaction_data/review_dict_test.json
UI_Interaction_data/review_dict_train.json
UI_Interaction_data/review_dict_valid.json
UI_data/test.pkl
UI_data/train.pkl
=== [Phase A] graph_init: YELP_STAR ===
===== graph_init =====
data_name=YELP_STAR
cwd=/home/yurh/interrecbaseline-MCMIPL/main_table_experiments/baselines/mcmipl_official/MCMIPL
Wed May 13 06:13:45 PM CST 2026
Using backend: pytorch
Load YELP_STAR from file...
./tmp/yelp_star
Load user of size 27629
user of max id is 27674
Load item of size 70311
item of max id is 70310
Load feature of size 590
feature of max id is 589
Load large_feature of size 29
large_feature of max id is 28
Load interact of size 1368606
Load friends of size 688209
Load like of size 0
Load belong_to of size 477012
Load belong_to_large of size 350175
Load link_to_feature of size 565
Save YELP_STAR dataset successfully!
Create YELP_STAR graph from data_name...
load entities...
load entity:user  : Total 27675 nodes.
load entity:item  : Total 70311 nodes.
load entity:feature  : Total 590 nodes.
load entity:large_feature  : Total 29 nodes.
ALL total 98605 nodes.
===============END==============
Load knowledge interact...
Total 2737212 interact edges.
Load knowledge friends...
Total 1376418 friends edges.
Load knowledge like...
Total 0 like edges.
Load knowledge belong_to...
Total 954024 belong_to edges.
Load knowledge belong_to_large...
Total 700350 belong_to_large edges.
Load knowledge link_to_feature...
Total 1130 link_to_feature edges.
===============END==============
Remove duplicates...
Save YELP_STAR graph successfully!
Wed May 13 06:13:52 PM CST 2026

=== [Phase A] prepare_data: BOOK ===
Preparing official MCMIPL data for BOOK
Repo dir: /home/yurh/interrecbaseline-MCMIPL/main_table_experiments/baselines/mcmipl_official/MCMIPL
Found data directory: /home/yurh/interrecbaseline-MCMIPL/main_table_experiments/baselines/mcmipl_official/MCMIPL/data/book
Data files:
UI_Interaction_data/review_dict_test.json
UI_Interaction_data/review_dict_train.json
UI_Interaction_data/review_dict_valid.json
UI_data/test.pkl
UI_data/train.pkl
fea_item/item_feature.pkl
fea_item/small_to_large.pkl
=== [Phase A] graph_init: BOOK ===
===== graph_init =====
data_name=BOOK
cwd=/home/yurh/interrecbaseline-MCMIPL/main_table_experiments/baselines/mcmipl_official/MCMIPL
Wed May 13 06:13:52 PM CST 2026
Using backend: pytorch
  0%|          | 0/104 [00:00<?, ?it/s]100%|██████████| 104/104 [00:00<00:00, 244100.51it/s]
Wed May 13 06:13:54 PM CST 2026

=== [Phase A] prepare_data: MOVIE ===
Preparing official MCMIPL data for MOVIE
Repo dir: /home/yurh/interrecbaseline-MCMIPL/main_table_experiments/baselines/mcmipl_official/MCMIPL
Found data directory: /home/yurh/interrecbaseline-MCMIPL/main_table_experiments/baselines/mcmipl_official/MCMIPL/data/movie
Data files:
UI_Interaction_data/review_dict_test.json
UI_Interaction_data/review_dict_train.json
UI_Interaction_data/review_dict_valid.json
UI_data/test.pkl
UI_data/train.pkl
fea_item/item_feature.pkl
fea_item/small_to_large.pkl
=== [Phase A] graph_init: MOVIE ===
===== graph_init =====
data_name=MOVIE
cwd=/home/yurh/interrecbaseline-MCMIPL/main_table_experiments/baselines/mcmipl_official/MCMIPL
Wed May 13 06:13:54 PM CST 2026
Using backend: pytorch
  0%|          | 0/120 [00:00<?, ?it/s]100%|██████████| 120/120 [00:00<00:00, 281339.56it/s]
Wed May 13 06:13:59 PM CST 2026

=== Phase A (CPU) 完成 | Wed May 13 06:13:59 PM CST 2026 ===
下一台（GPU 机）请：
  1) 同步本仓库与 MCMIPL/data/、MCMIPL/tmp/（至少含各数据集的 transe.pkl）
  2) 若尚无 transe.pkl：按官方 MCMIPL README 用 OpenKE 训练 TransE 并放到 MCMIPL/tmp/<dataset>/embeds/
  3) bash /home/yurh/interrecbaseline-MCMIPL/main_table_experiments/run_pipeline_phase_gpu.sh <数据集...>
EXIT=0
